descriptor transfer/reuse cycles=200 before=4 after=4
job failed acquisition cycles=100 before=4 after=4
acquisition faults: pipe1/pipe2/save/listener/fork closed all resources
client allocation failure and allocation-free teardown passed
item spawn/pump/reap/drain cycles=40 before=4 after=4
host faults: open/write/fsync/rename/dup1/dup2/spawn preserve bytes and borrowed fds
job cleanup: allocation-fault re-latch, mixed-item loss and final-write failure retain claims; guard failure launches nothing; proven cleanup releases
Could not activate saved continuation; no pending tools were run
Could not activate saved continuation; no pending tools were run
Could not activate saved continuation; no pending tools were run
Could not activate saved continuation; no pending tools were run
checkpoint allocation faults: in-place clear/restore, reload/retry and invalid flags passed
phase3 ownership oracles passed
{"mutation": "writer-before-save", "exit": -6, "killed": true, "oracle": "bye && WIFEXITED", "source_sha256": "84e43b608be4e2f4acc9d91d566fad2f0f9ef9a7314e202bac51eb599fcf8032"}
{"mutation": "close-transferred-descriptor", "exit": -6, "killed": true, "oracle": "send_result == 0", "source_sha256": "84e43b608be4e2f4acc9d91d566fad2f0f9ef9a7314e202bac51eb599fcf8032"}
{"mutation": "signal-metadata-pid", "exit": -6, "killed": true, "oracle": "WIFEXITED(status)", "source_sha256": "a1490d3c1cc962a687833300403b49faca66859fc6091649cace1d8956fe25b9"}
{"mutation": "unknown-is-complete", "exit": -6, "killed": true, "oracle": "!cleanup_reclaimable(root)", "source_sha256": "a1490d3c1cc962a687833300403b49faca66859fc6091649cace1d8956fe25b9"}
{"mutation": "omit-cleanup-write-ahead", "exit": -6, "killed": true, "oracle": "jm_bool(root, \"cleanup_hold\", false)", "source_sha256": "a1490d3c1cc962a687833300403b49faca66859fc6091649cace1d8956fe25b9"}
{"mutation": "drop-partial-cleanup-hold", "exit": -6, "killed": true, "oracle": "jm_bool(root, \"cleanup_hold\", false)", "source_sha256": "a1490d3c1cc962a687833300403b49faca66859fc6091649cace1d8956fe25b9"}
{"mutation": "replay-consumed-batch", "exit": -6, "killed": true, "oracle": "rn_disk_packet(session) == nullptr", "source_sha256": "84e43b608be4e2f4acc9d91d566fad2f0f9ef9a7314e202bac51eb599fcf8032"}
descriptor transfer/reuse cycles=200 before=4 after=4
job failed acquisition cycles=100 before=4 after=4
acquisition faults: pipe1/pipe2/save/listener/fork closed all resources
client allocation failure and allocation-free teardown passed
item spawn/pump/reap/drain cycles=40 before=4 after=4
host faults: open/write/fsync/rename/dup1/dup2/spawn preserve bytes and borrowed fds
job cleanup: allocation-fault re-latch, mixed-item loss and final-write failure retain claims; guard failure launches nothing; proven cleanup releases
Could not activate saved continuation; no pending tools were run
Could not activate saved continuation; no pending tools were run
Could not activate saved continuation; no pending tools were run
Could not activate saved continuation; no pending tools were run
checkpoint allocation faults: in-place clear/restore, reload/retry and invalid flags passed
phase3 ownership oracles passed
