build/fuzz/parser-smoke tests/fuzz/parser-corpus/chat tests/fuzz/parser-corpus/connect tests/fuzz/parser-corpus/malformed tests/fuzz/parser-corpus/responses
parser mode 0: 2 allocation indices, two failures then recovery each
parser mode 1: 9 allocation indices, two failures then recovery each
parser mode 2: 13 allocation indices, two failures then recovery each
parser smoke passed: splits, lifetime, identity, limits, OOM and corpus
build/fuzz/parser-backend-oom
backend parser OOM SSE: live allocations 6 -> 0 before teardown
backend parser OOM JSON: live allocations 6 -> 0 before teardown
{"mutation": "frame-limit", "exit": -6, "reason": "64 MiB frame-size check", "killed": true, "source_sha256": "f44d795db66d648ab70973403ea3105d2933964d227f45d02f5f64e43019e069"}
{"mutation": "identity-precedence", "exit": -6, "reason": "fresh ID must take precedence", "killed": true, "source_sha256": "558cf2a85001f6a830ade791e48af74bddbc5259129ea978b9417bd0dfdf2743"}
{"mutation": "borrowed-document", "exit": -6, "reason": "heap-use-after-free", "killed": true, "source_sha256": "558cf2a85001f6a830ade791e48af74bddbc5259129ea978b9417bd0dfdf2743"}
{"mutation": "swallowed-oom", "exit": -6, "reason": "OOM must not be swallowed", "killed": true, "source_sha256": "f44d795db66d648ab70973403ea3105d2933964d227f45d02f5f64e43019e069"}
build/fuzz/parser-smoke tests/fuzz/parser-corpus/chat tests/fuzz/parser-corpus/connect tests/fuzz/parser-corpus/malformed tests/fuzz/parser-corpus/responses
parser mode 0: 2 allocation indices, two failures then recovery each
parser mode 1: 9 allocation indices, two failures then recovery each
parser mode 2: 13 allocation indices, two failures then recovery each
parser smoke passed: splits, lifetime, identity, limits, OOM and corpus
build/fuzz/parser-backend-oom
backend parser OOM SSE: live allocations 6 -> 0 before teardown
backend parser OOM JSON: live allocations 6 -> 0 before teardown
